v$asm_diskgroup_stat
v$asm_disk_iostat
v$asm_disk_stat
v$asm_operation
v$asm_volume_stat
v$bgprocess
v$buffer_pool_statistics
v$circuit
v$cr_block_server
v$dataguard_stats
v$dispatcher_rate
v$dispatcher
v$dlm_locks
v$dlm_ress
v$dynamic_remaster_stats
v$enqueue_stat
v$fast_start_servers
v$fast_start_transactions
v$filestat
v$ges_blocking_enqueue
v$ges_enqueue
v$ges_resource
v$ges_statistics
v$ges_traffic_controller
v$hang_statistics
v$instance
v$iostat_file
v$iostat_function
v$iostat_function_detail
v$iostat_network
v$latchholder
v$latch
v$librarycache
v$loadpstat
v$locked_object
v$lock
v$memory_dynamic_components
v$osstat
v$parameter
v$pgastat
v$pq_sysstat
v$process
v$pq_sysstat
v$pq_tqstat
v$px_process_sysstat
v$qmon_coordinator_stats
v$qmon_server_stats
v$qmon_task_stats
v$dispatcher_rate
v$resource_limit
v$rman_status
v$rollstat
v$rowcache
v$session_event
v$session
v$session_wait
v$sgainfo
v$sgastat
v$shared_pool_reserved
v$shared_server
v$sysstat
v$system_event
v$system_wait_class
v$sys_time_model
v$tempstat
v$undostat
v$transaction
v$wait_chains
v$waitstat
